checking 750.00MB RAM, 100 blocks
checking 750.00MB RAM, 100 blocks
checked 200, failed 0, (error prob: 0 [#failed/#access])
checked 400, failed 0, (error prob: 0 [#failed/#access])
checked 600, failed 0, (error prob: 0 [#failed/#access])
checked 800, failed 0, (error prob: 0 [#failed/#access])
checked 1000, failed 0, (error prob: 0 [#failed/#access])
checked 1200, failed 0, (error prob: 0 [#failed/#access])
checked 1400, failed 0, (error prob: 0 [#failed/#access])
checked 1600, failed 0, (error prob: 0 [#failed/#access])
checked 1800, failed 0, (error prob: 0 [#failed/#access])
checked 2000, failed 0, (error prob: 0 [#failed/#access])
checked 2200, failed 0, (error prob: 0 [#failed/#access])
checked 2400, failed 0, (error prob: 0 [#failed/#access])
checked 2600, failed 0, (error prob: 0 [#failed/#access])
checked 2800, failed 0, (error prob: 0 [#failed/#access])
checked 3000, failed 0, (error prob: 0 [#failed/#access])
checked 3200, failed 0, (error prob: 0 [#failed/#access])
checked 3400, failed 0, (error prob: 0 [#failed/#access])
checked 3600, failed 0, (error prob: 0 [#failed/#access])
checked 3800, failed 0, (error prob: 0 [#failed/#access])
checked 4000, failed 0, (error prob: 0 [#failed/#access])
checked 4200, failed 0, (error prob: 0 [#failed/#access])
checked 4400, failed 0, (error prob: 0 [#failed/#access])
checked 4600, failed 0, (error prob: 0 [#failed/#access])
checked 4800, failed 0, (error prob: 0 [#failed/#access])
checked 5000, failed 0, (error prob: 0 [#failed/#access])
checked 5200, failed 0, (error prob: 0 [#failed/#access])
checked 5400, failed 0, (error prob: 0 [#failed/#access])
checked 5600, failed 0, (error prob: 0 [#failed/#access])
checked 5800, failed 0, (error prob: 0 [#failed/#access])
checked 6000, failed 0, (error prob: 0 [#failed/#access])
checked 6200, failed 0, (error prob: 0 [#failed/#access])
checked 6400, failed 0, (error prob: 0 [#failed/#access])
checked 6600, failed 0, (error prob: 0 [#failed/#access])
checked 6800, failed 0, (error prob: 0 [#failed/#access])
checked 7000, failed 0, (error prob: 0 [#failed/#access])
checked 7200, failed 0, (error prob: 0 [#failed/#access])
checked 7400, failed 0, (error prob: 0 [#failed/#access])
checked 7600, failed 0, (error prob: 0 [#failed/#access])
checked 7800, failed 0, (error prob: 0 [#failed/#access])
checked 8000, failed 0, (error prob: 0 [#failed/#access])
checked 8200, failed 0, (error prob: 0 [#failed/#access])
checked 8400, failed 0, (error prob: 0 [#failed/#access])
checked 8600, failed 0, (error prob: 0 [#failed/#access])
checked 8800, failed 0, (error prob: 0 [#failed/#access])
checked 9000, failed 0, (error prob: 0 [#failed/#access])
checked 9200, failed 0, (error prob: 0 [#failed/#access])
checked 9400, failed 0, (error prob: 0 [#failed/#access])
checked 9600, failed 0, (error prob: 0 [#failed/#access])
checked 9800, failed 0, (error prob: 0 [#failed/#access])
checked 10000, failed 0, (error prob: 0 [#failed/#access])
checked 10200, failed 0, (error prob: 0 [#failed/#access])
checked 10400, failed 0, (error prob: 0 [#failed/#access])
checked 10600, failed 0, (error prob: 0 [#failed/#access])
checked 10800, failed 0, (error prob: 0 [#failed/#access])
checked 11000, failed 0, (error prob: 0 [#failed/#access])
checked 11200, failed 0, (error prob: 0 [#failed/#access])
checked 11400, failed 0, (error prob: 0 [#failed/#access])
checked 11600, failed 0, (error prob: 0 [#failed/#access])
checked 11800, failed 0, (error prob: 0 [#failed/#access])
checked 12000, failed 0, (error prob: 0 [#failed/#access])
checked 12200, failed 0, (error prob: 0 [#failed/#access])
checked 12400, failed 0, (error prob: 0 [#failed/#access])
checked 12600, failed 0, (error prob: 0 [#failed/#access])
checked 12800, failed 0, (error prob: 0 [#failed/#access])
checked 13000, failed 0, (error prob: 0 [#failed/#access])
checked 13200, failed 0, (error prob: 0 [#failed/#access])
checked 13400, failed 0, (error prob: 0 [#failed/#access])
checked 13600, failed 0, (error prob: 0 [#failed/#access])
checked 13800, failed 0, (error prob: 0 [#failed/#access])
checked 14000, failed 0, (error prob: 0 [#failed/#access])
checked 14200, failed 0, (error prob: 0 [#failed/#access])
checked 14400, failed 0, (error prob: 0 [#failed/#access])
checked 14600, failed 0, (error prob: 0 [#failed/#access])
checked 14800, failed 0, (error prob: 0 [#failed/#access])
checked 15000, failed 0, (error prob: 0 [#failed/#access])
checked 15200, failed 0, (error prob: 0 [#failed/#access])
checked 15400, failed 0, (error prob: 0 [#failed/#access])
checked 15600, failed 0, (error prob: 0 [#failed/#access])
checked 15800, failed 0, (error prob: 0 [#failed/#access])
checked 16000, failed 0, (error prob: 0 [#failed/#access])
checked 16200, failed 0, (error prob: 0 [#failed/#access])
checked 16400, failed 0, (error prob: 0 [#failed/#access])
checked 16600, failed 0, (error prob: 0 [#failed/#access])
checked 16800, failed 0, (error prob: 0 [#failed/#access])
checked 17000, failed 0, (error prob: 0 [#failed/#access])
checked 17200, failed 0, (error prob: 0 [#failed/#access])
checked 17400, failed 0, (error prob: 0 [#failed/#access])
checked 17600, failed 0, (error prob: 0 [#failed/#access])
checked 17800, failed 0, (error prob: 0 [#failed/#access])
checked 18000, failed 0, (error prob: 0 [#failed/#access])
checked 18200, failed 0, (error prob: 0 [#failed/#access])
checked 18400, failed 0, (error prob: 0 [#failed/#access])
checked 18600, failed 0, (error prob: 0 [#failed/#access])
checked 18800, failed 0, (error prob: 0 [#failed/#access])
checked 19000, failed 0, (error prob: 0 [#failed/#access])
checked 19200, failed 0, (error prob: 0 [#failed/#access])
checked 19400, failed 0, (error prob: 0 [#failed/#access])
checked 19600, failed 0, (error prob: 0 [#failed/#access])
checked 19800, failed 0, (error prob: 0 [#failed/#access])
checked 20000, failed 0, (error prob: 0 [#failed/#access])
checked 20200, failed 0, (error prob: 0 [#failed/#access])
checked 20400, failed 0, (error prob: 0 [#failed/#access])
checked 20600, failed 0, (error prob: 0 [#failed/#access])
checked 20800, failed 0, (error prob: 0 [#failed/#access])
checked 21000, failed 0, (error prob: 0 [#failed/#access])
checked 21200, failed 0, (error prob: 0 [#failed/#access])
checked 21400, failed 0, (error prob: 0 [#failed/#access])
checked 21600, failed 0, (error prob: 0 [#failed/#access])
checked 21800, failed 0, (error prob: 0 [#failed/#access])
checked 22000, failed 0, (error prob: 0 [#failed/#access])
checked 22200, failed 0, (error prob: 0 [#failed/#access])
checked 22400, failed 0, (error prob: 0 [#failed/#access])
checked 22600, failed 0, (error prob: 0 [#failed/#access])
checked 22800, failed 0, (error prob: 0 [#failed/#access])
checked 23000, failed 0, (error prob: 0 [#failed/#access])
checked 23200, failed 0, (error prob: 0 [#failed/#access])
checked 23400, failed 0, (error prob: 0 [#failed/#access])
checked 23600, failed 0, (error prob: 0 [#failed/#access])
checked 23800, failed 0, (error prob: 0 [#failed/#access])
checked 24000, failed 0, (error prob: 0 [#failed/#access])
checked 24200, failed 0, (error prob: 0 [#failed/#access])
checked 24400, failed 0, (error prob: 0 [#failed/#access])
checked 24600, failed 0, (error prob: 0 [#failed/#access])
checked 24800, failed 0, (error prob: 0 [#failed/#access])
checked 25000, failed 0, (error prob: 0 [#failed/#access])
checked 25200, failed 0, (error prob: 0 [#failed/#access])
checked 25400, failed 0, (error prob: 0 [#failed/#access])
checked 25600, failed 0, (error prob: 0 [#failed/#access])
checked 25800, failed 0, (error prob: 0 [#failed/#access])
checked 26000, failed 0, (error prob: 0 [#failed/#access])
checked 26200, failed 0, (error prob: 0 [#failed/#access])
checked 26400, failed 0, (error prob: 0 [#failed/#access])
checked 26600, failed 0, (error prob: 0 [#failed/#access])
checked 26800, failed 0, (error prob: 0 [#failed/#access])
checked 27000, failed 0, (error prob: 0 [#failed/#access])
checked 27200, failed 0, (error prob: 0 [#failed/#access])
checked 27400, failed 0, (error prob: 0 [#failed/#access])
checked 27600, failed 0, (error prob: 0 [#failed/#access])
checked 27800, failed 0, (error prob: 0 [#failed/#access])
checked 28000, failed 0, (error prob: 0 [#failed/#access])
checked 28200, failed 0, (error prob: 0 [#failed/#access])
checked 28400, failed 0, (error prob: 0 [#failed/#access])
checked 28600, failed 0, (error prob: 0 [#failed/#access])
checked 28800, failed 0, (error prob: 0 [#failed/#access])
checked 29000, failed 0, (error prob: 0 [#failed/#access])
checked 29200, failed 0, (error prob: 0 [#failed/#access])
checked 29400, failed 0, (error prob: 0 [#failed/#access])
checked 29600, failed 0, (error prob: 0 [#failed/#access])
checked 29800, failed 0, (error prob: 0 [#failed/#access])
checked 30000, failed 0, (error prob: 0 [#failed/#access])
checked 30200, failed 0, (error prob: 0 [#failed/#access])
checked 30400, failed 0, (error prob: 0 [#failed/#access])
checked 30600, failed 0, (error prob: 0 [#failed/#access])
checked 30800, failed 0, (error prob: 0 [#failed/#access])
checked 31000, failed 0, (error prob: 0 [#failed/#access])
checked 31200, failed 0, (error prob: 0 [#failed/#access])
checked 31400, failed 0, (error prob: 0 [#failed/#access])
checked 31600, failed 0, (error prob: 0 [#failed/#access])
checked 31800, failed 0, (error prob: 0 [#failed/#access])
checked 32000, failed 0, (error prob: 0 [#failed/#access])
checked 32200, failed 0, (error prob: 0 [#failed/#access])
checked 32400, failed 0, (error prob: 0 [#failed/#access])
checked 32600, failed 0, (error prob: 0 [#failed/#access])
checked 32800, failed 0, (error prob: 0 [#failed/#access])
checked 33000, failed 0, (error prob: 0 [#failed/#access])
checked 33200, failed 0, (error prob: 0 [#failed/#access])
checked 33400, failed 0, (error prob: 0 [#failed/#access])
checked 33600, failed 0, (error prob: 0 [#failed/#access])
checked 33800, failed 0, (error prob: 0 [#failed/#access])
checked 34000, failed 0, (error prob: 0 [#failed/#access])
checked 34200, failed 0, (error prob: 0 [#failed/#access])
checked 34400, failed 0, (error prob: 0 [#failed/#access])
checked 34600, failed 0, (error prob: 0 [#failed/#access])
checked 34800, failed 0, (error prob: 0 [#failed/#access])
checked 35000, failed 0, (error prob: 0 [#failed/#access])
checked 35200, failed 0, (error prob: 0 [#failed/#access])
checked 35400, failed 0, (error prob: 0 [#failed/#access])
checked 35600, failed 0, (error prob: 0 [#failed/#access])
checked 35800, failed 0, (error prob: 0 [#failed/#access])
checked 36000, failed 0, (error prob: 0 [#failed/#access])
checked 36200, failed 0, (error prob: 0 [#failed/#access])
checked 36400, failed 0, (error prob: 0 [#failed/#access])
checked 36600, failed 0, (error prob: 0 [#failed/#access])
checked 36800, failed 0, (error prob: 0 [#failed/#access])
checked 37000, failed 0, (error prob: 0 [#failed/#access])
checked 37200, failed 0, (error prob: 0 [#failed/#access])
checked 37400, failed 0, (error prob: 0 [#failed/#access])
checked 37600, failed 0, (error prob: 0 [#failed/#access])
checked 37800, failed 0, (error prob: 0 [#failed/#access])
checked 38000, failed 0, (error prob: 0 [#failed/#access])
checked 38200, failed 0, (error prob: 0 [#failed/#access])
checked 38400, failed 0, (error prob: 0 [#failed/#access])
checked 38600, failed 0, (error prob: 0 [#failed/#access])
checked 38800, failed 0, (error prob: 0 [#failed/#access])
checked 39000, failed 0, (error prob: 0 [#failed/#access])
checked 39200, failed 0, (error prob: 0 [#failed/#access])
checked 39400, failed 0, (error prob: 0 [#failed/#access])
checked 39600, failed 0, (error prob: 0 [#failed/#access])
checked 39800, failed 0, (error prob: 0 [#failed/#access])
checked 40000, failed 0, (error prob: 0 [#failed/#access])
checked 40200, failed 0, (error prob: 0 [#failed/#access])
checked 40400, failed 0, (error prob: 0 [#failed/#access])
checked 40600, failed 0, (error prob: 0 [#failed/#access])
checked 40800, failed 0, (error prob: 0 [#failed/#access])
checked 41000, failed 0, (error prob: 0 [#failed/#access])
checked 41200, failed 0, (error prob: 0 [#failed/#access])
checked 41400, failed 0, (error prob: 0 [#failed/#access])
checked 41600, failed 0, (error prob: 0 [#failed/#access])
checked 41800, failed 0, (error prob: 0 [#failed/#access])
checked 42000, failed 0, (error prob: 0 [#failed/#access])
checked 42200, failed 0, (error prob: 0 [#failed/#access])
checked 42400, failed 0, (error prob: 0 [#failed/#access])
checked 42600, failed 0, (error prob: 0 [#failed/#access])
checked 42800, failed 0, (error prob: 0 [#failed/#access])
checked 43000, failed 0, (error prob: 0 [#failed/#access])
checked 43200, failed 0, (error prob: 0 [#failed/#access])
checked 43400, failed 0, (error prob: 0 [#failed/#access])
checked 43600, failed 0, (error prob: 0 [#failed/#access])
checked 43800, failed 0, (error prob: 0 [#failed/#access])
checked 44000, failed 0, (error prob: 0 [#failed/#access])
checked 44200, failed 0, (error prob: 0 [#failed/#access])
checked 44400, failed 0, (error prob: 0 [#failed/#access])
checked 44600, failed 0, (error prob: 0 [#failed/#access])
checked 44800, failed 0, (error prob: 0 [#failed/#access])
checked 45000, failed 0, (error prob: 0 [#failed/#access])
checked 45200, failed 0, (error prob: 0 [#failed/#access])
checked 45400, failed 0, (error prob: 0 [#failed/#access])
checked 45600, failed 0, (error prob: 0 [#failed/#access])
checked 45800, failed 0, (error prob: 0 [#failed/#access])
checked 46000, failed 0, (error prob: 0 [#failed/#access])
checked 46200, failed 0, (error prob: 0 [#failed/#access])
checked 46400, failed 0, (error prob: 0 [#failed/#access])
checked 46600, failed 0, (error prob: 0 [#failed/#access])
checked 46800, failed 0, (error prob: 0 [#failed/#access])
checked 47000, failed 0, (error prob: 0 [#failed/#access])
checked 47200, failed 0, (error prob: 0 [#failed/#access])
checked 47400, failed 0, (error prob: 0 [#failed/#access])
checked 47600, failed 0, (error prob: 0 [#failed/#access])
checked 47800, failed 0, (error prob: 0 [#failed/#access])
checked 48000, failed 0, (error prob: 0 [#failed/#access])
checked 48200, failed 0, (error prob: 0 [#failed/#access])
checked 48400, failed 0, (error prob: 0 [#failed/#access])
checked 48600, failed 0, (error prob: 0 [#failed/#access])
checked 48800, failed 0, (error prob: 0 [#failed/#access])
checked 49000, failed 0, (error prob: 0 [#failed/#access])
checked 49200, failed 0, (error prob: 0 [#failed/#access])
checked 49400, failed 0, (error prob: 0 [#failed/#access])
checked 49600, failed 0, (error prob: 0 [#failed/#access])
checked 49800, failed 0, (error prob: 0 [#failed/#access])
checked 50000, failed 0, (error prob: 0 [#failed/#access])
checked 50200, failed 0, (error prob: 0 [#failed/#access])
checked 50400, failed 0, (error prob: 0 [#failed/#access])
checked 50600, failed 0, (error prob: 0 [#failed/#access])
checked 50800, failed 0, (error prob: 0 [#failed/#access])
checked 51000, failed 0, (error prob: 0 [#failed/#access])
checked 51200, failed 0, (error prob: 0 [#failed/#access])
checked 51400, failed 0, (error prob: 0 [#failed/#access])
checked 51600, failed 0, (error prob: 0 [#failed/#access])
checked 51800, failed 0, (error prob: 0 [#failed/#access])
checked 52000, failed 0, (error prob: 0 [#failed/#access])
checked 52200, failed 0, (error prob: 0 [#failed/#access])
checked 52400, failed 0, (error prob: 0 [#failed/#access])
checked 52600, failed 0, (error prob: 0 [#failed/#access])
checked 52800, failed 0, (error prob: 0 [#failed/#access])
checked 53000, failed 0, (error prob: 0 [#failed/#access])
checked 53200, failed 0, (error prob: 0 [#failed/#access])
checked 53400, failed 0, (error prob: 0 [#failed/#access])
checked 53600, failed 0, (error prob: 0 [#failed/#access])
checked 53800, failed 0, (error prob: 0 [#failed/#access])
checked 54000, failed 0, (error prob: 0 [#failed/#access])
checked 54200, failed 0, (error prob: 0 [#failed/#access])
checked 54400, failed 0, (error prob: 0 [#failed/#access])
checked 54600, failed 0, (error prob: 0 [#failed/#access])
checked 54800, failed 0, (error prob: 0 [#failed/#access])
checked 55000, failed 0, (error prob: 0 [#failed/#access])
checked 55200, failed 0, (error prob: 0 [#failed/#access])
checked 55400, failed 0, (error prob: 0 [#failed/#access])
checked 55600, failed 0, (error prob: 0 [#failed/#access])
checked 55800, failed 0, (error prob: 0 [#failed/#access])
checked 56000, failed 0, (error prob: 0 [#failed/#access])
checked 56200, failed 0, (error prob: 0 [#failed/#access])
checked 56400, failed 0, (error prob: 0 [#failed/#access])
checked 56600, failed 0, (error prob: 0 [#failed/#access])
checked 56800, failed 0, (error prob: 0 [#failed/#access])
checked 57000, failed 0, (error prob: 0 [#failed/#access])
checked 57200, failed 0, (error prob: 0 [#failed/#access])
checked 57400, failed 0, (error prob: 0 [#failed/#access])
checked 57600, failed 0, (error prob: 0 [#failed/#access])
checked 57800, failed 0, (error prob: 0 [#failed/#access])
checked 58000, failed 0, (error prob: 0 [#failed/#access])
checked 58200, failed 0, (error prob: 0 [#failed/#access])
checked 58400, failed 0, (error prob: 0 [#failed/#access])
checked 58600, failed 0, (error prob: 0 [#failed/#access])
checked 58800, failed 0, (error prob: 0 [#failed/#access])
checked 59000, failed 0, (error prob: 0 [#failed/#access])
checked 59200, failed 0, (error prob: 0 [#failed/#access])
checked 59400, failed 0, (error prob: 0 [#failed/#access])
checked 59600, failed 0, (error prob: 0 [#failed/#access])
checked 59800, failed 0, (error prob: 0 [#failed/#access])
checked 60000, failed 0, (error prob: 0 [#failed/#access])
checked 60200, failed 0, (error prob: 0 [#failed/#access])
checked 60400, failed 0, (error prob: 0 [#failed/#access])
checked 60600, failed 0, (error prob: 0 [#failed/#access])
checked 60800, failed 0, (error prob: 0 [#failed/#access])
checked 61000, failed 0, (error prob: 0 [#failed/#access])
checked 61200, failed 0, (error prob: 0 [#failed/#access])
checked 61400, failed 0, (error prob: 0 [#failed/#access])
checked 61600, failed 0, (error prob: 0 [#failed/#access])
checked 61800, failed 0, (error prob: 0 [#failed/#access])
checked 62000, failed 0, (error prob: 0 [#failed/#access])
checked 62200, failed 0, (error prob: 0 [#failed/#access])
checked 62400, failed 0, (error prob: 0 [#failed/#access])
checked 62600, failed 0, (error prob: 0 [#failed/#access])
checked 62800, failed 0, (error prob: 0 [#failed/#access])
checked 63000, failed 0, (error prob: 0 [#failed/#access])
checked 63200, failed 0, (error prob: 0 [#failed/#access])
checked 63400, failed 0, (error prob: 0 [#failed/#access])
checked 63600, failed 0, (error prob: 0 [#failed/#access])
checked 63800, failed 0, (error prob: 0 [#failed/#access])
checked 64000, failed 0, (error prob: 0 [#failed/#access])
checked 64200, failed 0, (error prob: 0 [#failed/#access])
checked 64400, failed 0, (error prob: 0 [#failed/#access])
checked 64600, failed 0, (error prob: 0 [#failed/#access])
checked 64800, failed 0, (error prob: 0 [#failed/#access])
checked 65000, failed 0, (error prob: 0 [#failed/#access])
checked 65200, failed 0, (error prob: 0 [#failed/#access])
checked 65400, failed 0, (error prob: 0 [#failed/#access])
checked 65600, failed 0, (error prob: 0 [#failed/#access])
checked 65800, failed 0, (error prob: 0 [#failed/#access])
checked 66000, failed 0, (error prob: 0 [#failed/#access])
checked 66200, failed 0, (error prob: 0 [#failed/#access])
checked 66400, failed 0, (error prob: 0 [#failed/#access])
checked 66600, failed 0, (error prob: 0 [#failed/#access])
checked 66800, failed 0, (error prob: 0 [#failed/#access])
checked 67000, failed 0, (error prob: 0 [#failed/#access])
checked 67200, failed 0, (error prob: 0 [#failed/#access])
checked 67400, failed 0, (error prob: 0 [#failed/#access])
checked 67600, failed 0, (error prob: 0 [#failed/#access])
checked 67800, failed 0, (error prob: 0 [#failed/#access])
checked 68000, failed 0, (error prob: 0 [#failed/#access])
checked 68200, failed 0, (error prob: 0 [#failed/#access])
checked 68400, failed 0, (error prob: 0 [#failed/#access])
checked 68600, failed 0, (error prob: 0 [#failed/#access])
checked 68800, failed 0, (error prob: 0 [#failed/#access])
checked 69000, failed 0, (error prob: 0 [#failed/#access])
checked 69200, failed 0, (error prob: 0 [#failed/#access])
checked 69400, failed 0, (error prob: 0 [#failed/#access])
checked 69600, failed 0, (error prob: 0 [#failed/#access])
checked 69800, failed 0, (error prob: 0 [#failed/#access])
checked 70000, failed 0, (error prob: 0 [#failed/#access])
checked 70200, failed 0, (error prob: 0 [#failed/#access])
checked 70400, failed 0, (error prob: 0 [#failed/#access])
checked 70600, failed 0, (error prob: 0 [#failed/#access])
checked 70800, failed 0, (error prob: 0 [#failed/#access])
checked 71000, failed 0, (error prob: 0 [#failed/#access])
checked 71200, failed 0, (error prob: 0 [#failed/#access])
checked 71400, failed 0, (error prob: 0 [#failed/#access])
checked 71600, failed 0, (error prob: 0 [#failed/#access])
checked 71800, failed 0, (error prob: 0 [#failed/#access])
checked 72000, failed 0, (error prob: 0 [#failed/#access])
checked 72200, failed 0, (error prob: 0 [#failed/#access])
checked 72400, failed 0, (error prob: 0 [#failed/#access])
checked 72600, failed 0, (error prob: 0 [#failed/#access])
checked 72800, failed 0, (error prob: 0 [#failed/#access])
checked 73000, failed 0, (error prob: 0 [#failed/#access])
checked 73200, failed 0, (error prob: 0 [#failed/#access])
checked 73400, failed 0, (error prob: 0 [#failed/#access])
checked 73600, failed 0, (error prob: 0 [#failed/#access])
checked 73800, failed 0, (error prob: 0 [#failed/#access])
checked 74000, failed 0, (error prob: 0 [#failed/#access])
checked 74200, failed 0, (error prob: 0 [#failed/#access])
checked 74400, failed 0, (error prob: 0 [#failed/#access])
checked 74600, failed 0, (error prob: 0 [#failed/#access])
checked 74800, failed 0, (error prob: 0 [#failed/#access])
checked 75000, failed 0, (error prob: 0 [#failed/#access])
checked 75200, failed 0, (error prob: 0 [#failed/#access])
checked 75400, failed 0, (error prob: 0 [#failed/#access])
checked 75600, failed 0, (error prob: 0 [#failed/#access])
checked 75800, failed 0, (error prob: 0 [#failed/#access])
checked 76000, failed 0, (error prob: 0 [#failed/#access])
checked 76200, failed 0, (error prob: 0 [#failed/#access])
checked 76400, failed 0, (error prob: 0 [#failed/#access])
checked 76600, failed 0, (error prob: 0 [#failed/#access])
checked 76800, failed 0, (error prob: 0 [#failed/#access])
checked 77000, failed 0, (error prob: 0 [#failed/#access])
checked 77200, failed 0, (error prob: 0 [#failed/#access])
checked 77400, failed 0, (error prob: 0 [#failed/#access])
checked 77600, failed 0, (error prob: 0 [#failed/#access])
checked 77800, failed 0, (error prob: 0 [#failed/#access])
checked 78000, failed 0, (error prob: 0 [#failed/#access])
checked 78200, failed 0, (error prob: 0 [#failed/#access])
checked 78400, failed 0, (error prob: 0 [#failed/#access])
checked 78600, failed 0, (error prob: 0 [#failed/#access])
checked 78800, failed 0, (error prob: 0 [#failed/#access])
checked 79000, failed 0, (error prob: 0 [#failed/#access])
checked 79200, failed 0, (error prob: 0 [#failed/#access])
checked 79400, failed 0, (error prob: 0 [#failed/#access])
checked 79600, failed 0, (error prob: 0 [#failed/#access])
checked 79800, failed 0, (error prob: 0 [#failed/#access])
checked 80000, failed 0, (error prob: 0 [#failed/#access])
checked 80200, failed 0, (error prob: 0 [#failed/#access])
checked 80400, failed 0, (error prob: 0 [#failed/#access])
checked 80600, failed 0, (error prob: 0 [#failed/#access])
checked 80800, failed 0, (error prob: 0 [#failed/#access])
checked 81000, failed 0, (error prob: 0 [#failed/#access])
checked 81200, failed 0, (error prob: 0 [#failed/#access])
checked 81400, failed 0, (error prob: 0 [#failed/#access])
checked 81600, failed 0, (error prob: 0 [#failed/#access])
checked 81800, failed 0, (error prob: 0 [#failed/#access])
checked 82000, failed 0, (error prob: 0 [#failed/#access])
checked 82200, failed 0, (error prob: 0 [#failed/#access])
checked 82400, failed 0, (error prob: 0 [#failed/#access])
checked 82600, failed 0, (error prob: 0 [#failed/#access])
checked 82800, failed 0, (error prob: 0 [#failed/#access])
checked 83000, failed 0, (error prob: 0 [#failed/#access])
checked 83200, failed 0, (error prob: 0 [#failed/#access])
checked 83400, failed 0, (error prob: 0 [#failed/#access])
checked 83600, failed 0, (error prob: 0 [#failed/#access])
checked 83800, failed 0, (error prob: 0 [#failed/#access])
checked 84000, failed 0, (error prob: 0 [#failed/#access])
checked 84200, failed 0, (error prob: 0 [#failed/#access])
checked 84400, failed 0, (error prob: 0 [#failed/#access])
checked 84600, failed 0, (error prob: 0 [#failed/#access])
checked 84800, failed 0, (error prob: 0 [#failed/#access])
checked 85000, failed 0, (error prob: 0 [#failed/#access])
checked 85200, failed 0, (error prob: 0 [#failed/#access])
checked 85400, failed 0, (error prob: 0 [#failed/#access])
checked 85600, failed 0, (error prob: 0 [#failed/#access])
checked 85800, failed 0, (error prob: 0 [#failed/#access])
checked 86000, failed 0, (error prob: 0 [#failed/#access])
checked 86200, failed 0, (error prob: 0 [#failed/#access])
checked 86400, failed 0, (error prob: 0 [#failed/#access])
checked 86600, failed 0, (error prob: 0 [#failed/#access])
checked 86800, failed 0, (error prob: 0 [#failed/#access])
checked 87000, failed 0, (error prob: 0 [#failed/#access])
checked 87200, failed 0, (error prob: 0 [#failed/#access])
checked 87400, failed 0, (error prob: 0 [#failed/#access])
checked 87600, failed 0, (error prob: 0 [#failed/#access])
checked 87800, failed 0, (error prob: 0 [#failed/#access])
checked 88000, failed 0, (error prob: 0 [#failed/#access])
checked 88200, failed 0, (error prob: 0 [#failed/#access])
checked 88400, failed 0, (error prob: 0 [#failed/#access])
checked 88600, failed 0, (error prob: 0 [#failed/#access])
checked 88800, failed 0, (error prob: 0 [#failed/#access])
checked 89000, failed 0, (error prob: 0 [#failed/#access])
checked 89200, failed 0, (error prob: 0 [#failed/#access])
checked 89400, failed 0, (error prob: 0 [#failed/#access])
checked 89600, failed 0, (error prob: 0 [#failed/#access])
checked 89800, failed 0, (error prob: 0 [#failed/#access])
checked 90000, failed 0, (error prob: 0 [#failed/#access])
checked 90200, failed 0, (error prob: 0 [#failed/#access])
checked 90400, failed 0, (error prob: 0 [#failed/#access])
checked 90600, failed 0, (error prob: 0 [#failed/#access])
checked 90800, failed 0, (error prob: 0 [#failed/#access])
checked 91000, failed 0, (error prob: 0 [#failed/#access])
checked 91200, failed 0, (error prob: 0 [#failed/#access])
checked 91400, failed 0, (error prob: 0 [#failed/#access])
checked 91600, failed 0, (error prob: 0 [#failed/#access])
checked 91800, failed 0, (error prob: 0 [#failed/#access])
checked 92000, failed 0, (error prob: 0 [#failed/#access])
checked 92200, failed 0, (error prob: 0 [#failed/#access])
checked 92400, failed 0, (error prob: 0 [#failed/#access])
checked 92600, failed 0, (error prob: 0 [#failed/#access])
checked 92800, failed 0, (error prob: 0 [#failed/#access])
checked 93000, failed 0, (error prob: 0 [#failed/#access])
checked 93200, failed 0, (error prob: 0 [#failed/#access])
checked 93400, failed 0, (error prob: 0 [#failed/#access])
checked 93600, failed 0, (error prob: 0 [#failed/#access])
checked 93800, failed 0, (error prob: 0 [#failed/#access])
checked 94000, failed 0, (error prob: 0 [#failed/#access])
checked 94200, failed 0, (error prob: 0 [#failed/#access])
checked 94400, failed 0, (error prob: 0 [#failed/#access])
checked 94600, failed 0, (error prob: 0 [#failed/#access])
checked 94800, failed 0, (error prob: 0 [#failed/#access])
checked 95000, failed 0, (error prob: 0 [#failed/#access])
checked 95200, failed 0, (error prob: 0 [#failed/#access])
checked 95400, failed 0, (error prob: 0 [#failed/#access])
checked 95600, failed 0, (error prob: 0 [#failed/#access])
checked 95800, failed 0, (error prob: 0 [#failed/#access])
checked 96000, failed 0, (error prob: 0 [#failed/#access])
checked 96200, failed 0, (error prob: 0 [#failed/#access])
checked 96400, failed 0, (error prob: 0 [#failed/#access])
checked 96600, failed 0, (error prob: 0 [#failed/#access])
checked 96800, failed 0, (error prob: 0 [#failed/#access])
checked 97000, failed 0, (error prob: 0 [#failed/#access])
checked 97200, failed 0, (error prob: 0 [#failed/#access])
checked 97400, failed 0, (error prob: 0 [#failed/#access])
checked 97600, failed 0, (error prob: 0 [#failed/#access])
checked 97800, failed 0, (error prob: 0 [#failed/#access])
checked 98000, failed 0, (error prob: 0 [#failed/#access])
checked 98200, failed 0, (error prob: 0 [#failed/#access])
checked 98400, failed 0, (error prob: 0 [#failed/#access])
checked 98600, failed 0, (error prob: 0 [#failed/#access])
checked 98800, failed 0, (error prob: 0 [#failed/#access])
checked 99000, failed 0, (error prob: 0 [#failed/#access])
checked 99200, failed 0, (error prob: 0 [#failed/#access])
checked 99400, failed 0, (error prob: 0 [#failed/#access])
checked 99600, failed 0, (error prob: 0 [#failed/#access])
checked 99800, failed 0, (error prob: 0 [#failed/#access])
checked 100000, failed 0, (error prob: 0 [#failed/#access])
checked 100200, failed 0, (error prob: 0 [#failed/#access])
checked 100400, failed 0, (error prob: 0 [#failed/#access])
checked 100600, failed 0, (error prob: 0 [#failed/#access])
checked 100800, failed 0, (error prob: 0 [#failed/#access])
checked 101000, failed 0, (error prob: 0 [#failed/#access])
checked 101200, failed 0, (error prob: 0 [#failed/#access])
checked 101400, failed 0, (error prob: 0 [#failed/#access])
checked 101600, failed 0, (error prob: 0 [#failed/#access])
checked 101800, failed 0, (error prob: 0 [#failed/#access])
checked 102000, failed 0, (error prob: 0 [#failed/#access])
checked 102200, failed 0, (error prob: 0 [#failed/#access])
checked 102400, failed 0, (error prob: 0 [#failed/#access])
checked 102600, failed 0, (error prob: 0 [#failed/#access])
checked 102800, failed 0, (error prob: 0 [#failed/#access])
checked 103000, failed 0, (error prob: 0 [#failed/#access])
checked 103200, failed 0, (error prob: 0 [#failed/#access])
checked 103400, failed 0, (error prob: 0 [#failed/#access])
checked 103600, failed 0, (error prob: 0 [#failed/#access])
checked 103800, failed 0, (error prob: 0 [#failed/#access])
checked 104000, failed 0, (error prob: 0 [#failed/#access])
checked 104200, failed 0, (error prob: 0 [#failed/#access])
checked 104400, failed 0, (error prob: 0 [#failed/#access])
checked 104600, failed 0, (error prob: 0 [#failed/#access])
checked 104800, failed 0, (error prob: 0 [#failed/#access])
checked 105000, failed 0, (error prob: 0 [#failed/#access])
checked 105200, failed 0, (error prob: 0 [#failed/#access])
checked 105400, failed 0, (error prob: 0 [#failed/#access])
checked 105600, failed 0, (error prob: 0 [#failed/#access])
checked 105800, failed 0, (error prob: 0 [#failed/#access])
checked 106000, failed 0, (error prob: 0 [#failed/#access])
checked 106200, failed 0, (error prob: 0 [#failed/#access])
checked 106400, failed 0, (error prob: 0 [#failed/#access])
checked 106600, failed 0, (error prob: 0 [#failed/#access])
checked 106800, failed 0, (error prob: 0 [#failed/#access])
checked 107000, failed 0, (error prob: 0 [#failed/#access])
checked 107200, failed 0, (error prob: 0 [#failed/#access])
checked 107400, failed 0, (error prob: 0 [#failed/#access])
checked 107600, failed 0, (error prob: 0 [#failed/#access])
checked 107800, failed 0, (error prob: 0 [#failed/#access])
checked 108000, failed 0, (error prob: 0 [#failed/#access])
checked 108200, failed 0, (error prob: 0 [#failed/#access])
checked 108400, failed 0, (error prob: 0 [#failed/#access])
checked 108600, failed 0, (error prob: 0 [#failed/#access])
checked 108800, failed 0, (error prob: 0 [#failed/#access])
checked 109000, failed 0, (error prob: 0 [#failed/#access])
checked 109200, failed 0, (error prob: 0 [#failed/#access])
checked 109400, failed 0, (error prob: 0 [#failed/#access])
checked 109600, failed 0, (error prob: 0 [#failed/#access])
checked 109800, failed 0, (error prob: 0 [#failed/#access])
checked 110000, failed 0, (error prob: 0 [#failed/#access])
checked 110200, failed 0, (error prob: 0 [#failed/#access])
checked 110400, failed 0, (error prob: 0 [#failed/#access])
checked 110600, failed 0, (error prob: 0 [#failed/#access])
checked 110800, failed 0, (error prob: 0 [#failed/#access])
checked 111000, failed 0, (error prob: 0 [#failed/#access])
checked 111200, failed 0, (error prob: 0 [#failed/#access])
checked 111400, failed 0, (error prob: 0 [#failed/#access])
checked 111600, failed 0, (error prob: 0 [#failed/#access])
checked 111800, failed 0, (error prob: 0 [#failed/#access])
checked 112000, failed 0, (error prob: 0 [#failed/#access])
checked 112200, failed 0, (error prob: 0 [#failed/#access])
checked 112400, failed 0, (error prob: 0 [#failed/#access])
checked 112600, failed 0, (error prob: 0 [#failed/#access])
checked 112800, failed 0, (error prob: 0 [#failed/#access])
checked 113000, failed 0, (error prob: 0 [#failed/#access])
checked 113200, failed 0, (error prob: 0 [#failed/#access])
checked 113400, failed 0, (error prob: 0 [#failed/#access])
checked 113600, failed 0, (error prob: 0 [#failed/#access])
checked 113800, failed 0, (error prob: 0 [#failed/#access])
checked 114000, failed 0, (error prob: 0 [#failed/#access])
checked 114200, failed 0, (error prob: 0 [#failed/#access])
checked 114400, failed 0, (error prob: 0 [#failed/#access])
checked 114600, failed 0, (error prob: 0 [#failed/#access])
checked 114800, failed 0, (error prob: 0 [#failed/#access])
checked 115000, failed 0, (error prob: 0 [#failed/#access])
checked 115200, failed 0, (error prob: 0 [#failed/#access])
checked 115400, failed 0, (error prob: 0 [#failed/#access])
checked 115600, failed 0, (error prob: 0 [#failed/#access])
checked 115800, failed 0, (error prob: 0 [#failed/#access])
checked 116000, failed 0, (error prob: 0 [#failed/#access])
checked 116200, failed 0, (error prob: 0 [#failed/#access])
checked 116400, failed 0, (error prob: 0 [#failed/#access])
checked 116600, failed 0, (error prob: 0 [#failed/#access])
checked 116800, failed 0, (error prob: 0 [#failed/#access])
checked 117000, failed 0, (error prob: 0 [#failed/#access])
checked 117200, failed 0, (error prob: 0 [#failed/#access])
checked 117400, failed 0, (error prob: 0 [#failed/#access])
checked 117600, failed 0, (error prob: 0 [#failed/#access])
checked 117800, failed 0, (error prob: 0 [#failed/#access])
checked 118000, failed 0, (error prob: 0 [#failed/#access])
checked 118200, failed 0, (error prob: 0 [#failed/#access])
checked 118400, failed 0, (error prob: 0 [#failed/#access])
checked 118600, failed 0, (error prob: 0 [#failed/#access])
checked 118800, failed 0, (error prob: 0 [#failed/#access])
checked 119000, failed 0, (error prob: 0 [#failed/#access])
checked 119200, failed 0, (error prob: 0 [#failed/#access])
checked 119400, failed 0, (error prob: 0 [#failed/#access])
checked 119600, failed 0, (error prob: 0 [#failed/#access])
checked 119800, failed 0, (error prob: 0 [#failed/#access])
checked 120000, failed 0, (error prob: 0 [#failed/#access])
checked 120200, failed 0, (error prob: 0 [#failed/#access])
checked 120400, failed 0, (error prob: 0 [#failed/#access])
checked 120600, failed 0, (error prob: 0 [#failed/#access])
